[
  [
    {
      "name": "COS 126",
      "possible_reqs": [],
      "reqs_satisfied": []
    }
  ],
  [
    {
      "name": "COS340",
      "possible_reqs": [
        "Major//2018//ELE//Mathematics",
        "Major//2018//ELE//Departmentals//At most 3 from other departments"
      ],
      "reqs_satisfied": [
        "Major//2018//ELE//Mathematics",
        "Major//2018//ELE//Departmentals//At most 3 from other departments"
      ],
      "settled": [
        "Major//2018//ELE//Mathematics"
      ]
    },
    {
      "name": "COS 333",
      "possible_reqs": [
        "Major//2018//ELE//Breadth//A course from another department",
        "Major//2018//ELE//Departmentals//At most 3 from other departments"
      ],
      "reqs_satisfied": [
        "Major//2018//ELE//Breadth//A course from another department",
        "Major//2018//ELE//Departmentals//At most 3 from other departments"
      ],
      "settled": [
        "Major//2018//ELE//Breadth"
      ]
    }
  ],
  [
    {
      "name": "ELE 497",
      "possible_reqs": [
        "Major//2018//ELE//Departmentals//At least 5 ELE",
        "Major//2018//ELE//Senior Thesis//000"
      ],
      "reqs_satisfied": [
        "Major//2018//ELE//Senior Thesis//000",
        "Major//2018//ELE//Departmentals//At least 5 ELE"
      ],
      "settled": [
        "Major//2018//ELE//Senior Thesis//000"
      ]
    },
    {
      "name": "ELE 206/COS 306",
      "possible_reqs": [
        "Major//2018//ELE//Foundation",
        "Major//2018//ELE//Departmentals//At most 3 from other departments"
      ],
      "reqs_satisfied": [
        "Major//2018//ELE//Foundation",
        "Major//2018//ELE//Departmentals//At most 3 from other departments"
      ],
      "settled": [
        "Major//2018//ELE//Foundation"
      ]
    },
    {
      "name": "COS 423",
      "possible_reqs": [
        "Major//2018//ELE//Engineering Science",
        "Major//2018//ELE//Departmentals//At most 3 from other departments"
      ],
      "reqs_satisfied": [
        "Major//2018//ELE//Engineering Science",
        "Major//2018//ELE//Departmentals//At most 3 from other departments"
      ],
      "settled": [
        "Major//2018//ELE//Engineering Science"
      ]
    },
    {
      "name": "ELE 301",
      "possible_reqs": [
        "Major//2018//ELE//Core",
        "Major//2018//ELE//Departmentals//At least 5 ELE"
      ],
      "reqs_satisfied": [
        "Major//2018//ELE//Core",
        "Major//2018//ELE//Departmentals//At least 5 ELE"
      ],
      "settled": [
        "Major//2018//ELE//Core"
      ]
    },
    {
      "name": "ELE 302",
      "possible_reqs": [
        "Major//2018//ELE//Core",
        "Major//2018//ELE//Departmentals//At least 5 ELE"
      ],
      "reqs_satisfied": [
        "Major//2018//ELE//Core",
        "Major//2018//ELE//Departmentals//At least 5 ELE"
      ],
      "settled": [
        "Major//2018//ELE//Core"
      ]
    },
    {
      "name": "ELE 208",
      "possible_reqs": [
        "Major//2018//ELE//Core"
      ],
      "reqs_satisfied": [
        "Major//2018//ELE//Core"
      ],
      "settled": [
        "Major//2018//ELE//Core"
      ]
    }
  ],
  [
    {
      "name": "ART 213",
      "possible_reqs": [],
      "reqs_satisfied": []
    },
    {
      "name": "ELE 498",
      "possible_reqs": [
        "Major//2018//ELE//Departmentals//At least 5 ELE",
        "Major//2018//ELE//Senior Thesis//001"
      ],
      "reqs_satisfied": [
        "Major//2018//ELE//Senior Thesis//001",
        "Major//2018//ELE//Departmentals//At least 5 ELE"
      ],
      "settled": [
        "Major//2018//ELE//Senior Thesis//001"
      ]
    },
    {
      "name": "ELE 470",
      "possible_reqs": [
        "Major//2018//ELE//Breadth//Computer Systems",
        "Major//2018//ELE//Breadth//Security and Privacy",
        "Major//2018//ELE//Departmentals//At least 5 ELE",
        "Major//2018//ELE//Concentration//Computer Systems//Two courses from",
        "Major//2018//ELE//Concentration//Security and Privacy//Two courses from//000"
      ],
      "reqs_satisfied": [
        "Major//2018//ELE//Breadth//Computer Systems",
        "Major//2018//ELE//Breadth//Security and Privacy",
        "Major//2018//ELE//Departmentals//At least 5 ELE"
      ]
    }
  ]
]

{
  "name": "Electrical Engineering",
  "code": "ELE",
  "degree": "BSE",
  "path_to": "Major//2018//ELE",
  "urls": [
    "https://ua.princeton.edu/academic-units/department-electrical-engineering",
    "http://ee.princeton.edu/sites/default/files/UG_Handbook.pdf"
  ],
  "contacts": [
    {
      "type": "Departmental Representative",
      "name": "James C. Sturm",
      "email": "sturm@princeton.edu"
    }
  ],
  "satisfied": false,
  "count": 6,
  "min_needed": 9,
  "max_counted": null,
  "req_list": [
    {
      "name": "Foundation",
      "path_to": "Major//2018//ELE//Foundation",
      "explanation": "All ELE majors are required to take:\n- ELE 201 Information and Signals\n- ELE 203 Electronic Circuit Design, Analysis and Implementation\n- ELE 206 Contemporary Logic Design\n- ELE 208 Electronic and Photonic Devices (ELE 208 is now a junior year requirement, ELE\n308 for class of 2021. The course number for Fall 2018 registration may still say ELE208.\nSophomores and/or freshman are encouraged to take the course if schedule and interest\npermit.)\nThis requirement is normally satisfied by the end of the sophomore year. In some instances, students\nwith prior exposure to similar material may test out of one or more of these courses. In such cases, an\nupperlevel ELE course in the same general area must be substituted for the course before graduation.\nThe substituted course cannot be used to satisfy any other requirement.",
      "pdfs_allowed": 0,
      "completed_by_semester": 4,
      "satisfied": false,
      "count": 1,
      "min_needed": 3,
      "max_counted": 1,
      "settled": [
        "ELE 206/COS 306"
      ],
      "unsettled": []
    },
    {
      "name": "Core",
      "path_to": "Major//2018//ELE//Core",
      "explanation": "Three upperclass courses are required of all ELE majors:\n- ELE 301 Designing Real Systems\n- ELE 302 Building Real Systems\n- ELE 308 Electronic and Photonic Devices (beginning with class of 2021)\nThis requirement is normally satisfied by the end of the junior year, although sophomores are especially\nencouraged to take ELE 308 in their sophomore year if interest and schedule permit. (The course number for\nFall 2018 registration may still say ELE 208).",
      "pdfs_allowed": 0,
      "completed_by_semester": 6,
      "satisfied": true,
      "count": 3,
      "min_needed": 3,
      "max_counted": 1,
      "settled": [
        "ELE 301",
        "ELE 302",
        "ELE 208"
      ],
      "unsettled": []
    },
    {
      "name": "Mathematics",
      "path_to": "Major//2018//ELE//Mathematics",
      "explanation": "At least one additional upperclass (300 level or higher) math course. Examples include: MAE305/MAT301,\nMAE306/MAT302, ORF309*/MAT309, COS 340. This may not count towards the concentration\nrequirement, the breadth requirement or as a Departmental requirement (See 3.6). Additional upperclass\nmath courses may be used for that purpose.",
      "pdfs_allowed": 0,
      "satisfied": true,
      "count": 1,
      "min_needed": 1,
      "max_counted": 1,
      "settled": [
        "COS340"
      ],
      "unsettled": []
    },
    {
      "name": "Breadth",
      "path_to": "Major//2018//ELE//Breadth",
      "explanation": "At least one department elective course, 300-level or above, in an area distinct from your area of\nconcentration. The following courses are also possible: COS 318, 320, 333, 402, 426, 429, 432, 441, 461;\nPHY 208/305 \u2013 must take both PHY208 and PHY 305 (counts as one). Note: ORF309 cannot be used to\nsatisfy this requirement. Of special note: TigerHub states you need one course each in two areas. One of\nyour concentration courses will serve as one of the two needed. This means you need one course outside of\nconcentration and the other course will naturally fall into your concentration. The departmental\nrepresentative is the final authority on whether or not a course can fulfill a requirement.",
      "pdfs_allowed": 0,
      "satisfied": true,
      "count": 3,
      "min_needed": 2,
      "max_counted": 1,
      "req_list": [
        {
          "name": "A course from another department",
          "path_to": "Major//2018//ELE//Breadth//A course from another department",
          "explanation": "A course from another department",
          "pdfs_allowed": 0,
          "satisfied": true,
          "count": 1,
          "min_needed": 0,
          "max_counted": 1,
          "settled": [
            "COS 333"
          ],
          "unsettled": []
        },
        {
          "name": "PHY 208 and PHY 305",
          "path_to": "Major//2018//ELE//Breadth//PHY 208 and PHY 305",
          "explanation": "Both PHY 208 and PHY 305 count as a single course.",
          "pdfs_allowed": 0,
          "satisfied": false,
          "count": 0,
          "min_needed": 2,
          "max_counted": 1,
          "settled": [],
          "unsettled": []
        },
        {
          "name": "Circuits and Systems",
          "path_to": "Major//2018//ELE//Breadth//Circuits and Systems",
          "explanation": "Required:\nELE304 Electronic Circuits: Devices to ICs (S)\nTwo courses from:\n ELE341 Solid State Devices (F)\n COS/ELE375 Computer Architecture and Organization (S)\n ELE382 Statistical Signal Processing (F)\n ELE461* Design with Nanotechnologies\n ELE462 Design of VLSI (F)\n ELE464 Embedded Computing (S)\n ELE475 Computer Architecture (S)\n ELE481 Power Electronics (S)\n ELE482 Digital Signal Processing (S)\n * ELE461 no longer offered, but past students may use it for this\nconcentration",
          "pdfs_allowed": 0,
          "satisfied": false,
          "count": 0,
          "min_needed": 1,
          "max_counted": 1,
          "settled": [],
          "unsettled": []
        },
        {
          "name": "Data and Information",
          "path_to": "Major//2018//ELE//Breadth//Data and Information",
          "explanation": "Required:\nORF309* Probability and Stochastic Systems (F & S)\nTwo courses from:\n ELE364** Machine Learning for Predictive Data Analysis (F)\n ELE381 Networks: Friends, Money and Bytes (F)\n ELE382 Statistical Signal Processing (F)\n ELE477** Kernel Methods in Machine Learning (F)\n ELE482 Digital Signal Processing (S)\n ELE486 Transmission and Compression of Information (S)\n ELE488***Image Processing\n ELE435** Machine Learning and Pattern Recognition (F)\n COS324**Introduction to Machine Learning (F)\n COS402 **Artificial Intelligence\n COS424** Fundamentals of Machine Learning (S)\n COS429 Computer Vision (F)\n *To concentrate in Data and Information, a student must take\nORF309. It can be used to fulfill the concentration or upper level\nmath requirement, but not both\n**Only one Machine Learning course may be applied to this\nconcentration\n***ELE488 no longer offered, but past students may use it for this\nconcentration",
          "pdfs_allowed": 0,
          "satisfied": false,
          "count": 0,
          "min_needed": 1,
          "max_counted": 1,
          "settled": [],
          "unsettled": []
        },
        {
          "name": "Computer Systems",
          "path_to": "Major//2018//ELE//Breadth//Computer Systems",
          "explanation": "Required: COS/ELE375 Computer Architecture and Organization (S) Two courses from: ELE461* Design with Nanotechnologies ELE462 Design of VLSI (F) ELE464 Embedded Computing (S) ELE470 Smartphone Security and Architecture (F) ELE475 Computer Architecture (S) COS318 Operating Systems (F) COS320 Compiling Techniques (S) COS461 Computer Networks (S) * No longer offered, but past students may use it for this concentration",
          "pdfs_allowed": 0,
          "satisfied": true,
          "count": 1,
          "min_needed": 1,
          "max_counted": 1,
          "settled": [
            "ELE 470"
          ],
          "unsettled": []
        },
        {
          "name": "Security and Privacy",
          "path_to": "Major//2018//ELE//Breadth//Security and Privacy",
          "explanation": "Required: COS/ELE432 Information Security (F & S) Two courses from: COS/ELE375 Computer Architecture and Organization (S) ELE364** Machine Learning for Predictive Data Analysis (F) ELE435** Machine Learning and Pattern Recognition (F) ELE464 Embedded Computing (S) ELE470 Smartphone Security and Architecture (F) COS324**Introduction to Machine Learning (F) COS402**Artificial Intelligence COS424** Fundamentals of Machine Learning (S) COS433 Cryptography (S) COS461 Computer Networks (S) ** Only one Machine Learning course may be applied towards thisconcentraiton",
          "pdfs_allowed": 0,
          "satisfied": true,
          "count": 1,
          "min_needed": 1,
          "max_counted": 1,
          "settled": [
            "ELE 470"
          ],
          "unsettled": []
        },
        {
          "name": "Electronic Devices and Materials",
          "path_to": "Major//2018//ELE//Breadth//Electronic Devices and Materials",
          "explanation": "Required: ELE341 Solid State Devices (F) Two courses from: ELE304* Electronic Circuits: Devices to ICs (S) ELE342 Principles of Quantum Engineering (S) ELE431 Solar Energy Conversion (F) ELE441 Solid-State Physics I (F) ELE481* Power Electronics (S) MAE324 Structure and Properties of Materials (F) MAE424 Energy Storage Systems (S) MSE301 Materials Science and Engineering (S) MSE302 Laboratory Techniques in Materials Science (F) MSE505 Characterization of Materials (S) * Only one circuits (304 or 481) course may be applied towards this concentration",
          "pdfs_allowed": 0,
          "satisfied": false,
          "count": 0,
          "min_needed": 1,
          "max_counted": 1,
          "settled": [],
          "unsettled": []
        },
        {
          "name": "Biomedical Engineering",
          "path_to": "Major//2018//ELE//Breadth//Biomedical Engineering",
          "explanation": "Biomedical Engineering\nThree courses from:\n ELE304 Electronic Circuits: Devices to ICs (S)\n ELE452 Biomedical Imaging (F)\n ELE455* Mid--IR Tech. for Health & Environment\n ELE480 fMRI Decoding: Reading Minds (F)\n ELE488* Image Processing\n COS429 Computer Vision (F)\n COS455 Genomics & Computational Molecular Biology (F)\n MAE344 Biomechanics and Biomaterials (S)\n NEU427 Systems Neuroscience (S)\n NEU437 Computational Neuroscience (S)\n *ELE455 and 488 no longer offered. Past students may use it for this\nconcentration",
          "pdfs_allowed": 0,
          "satisfied": false,
          "count": 0,
          "min_needed": 1,
          "max_counted": 1,
          "settled": [],
          "unsettled": []
        },
        {
          "name": "Robotics and Cyber-physical Systems",
          "path_to": "Major//2018//ELE//Breadth//Robotics and Cyber-physical Systems",
          "explanation": "Robotics and Cyber-physical Systems Three courses from: ELE304 Electronic Circuits: Devices to ICs (S) COS/ELE375 Computer Architecture and Organization (S) ELE364** Machine Learning for Predictive Data Analysis (F) ELE435** Machine Learning and Pattern Recognition (F) ELE464 Embedded Computing (S) ELE488*** Image Processing COS324**Introduction to Machine Learning (F) COS402** Artificial Intelligence  COS429 Computer Vision (F)  MAE345 Robotics and Intelligent Systems (F)  MAE433 Automatic Control Systems (F) ** Only one Machine Learning course may be used for this concentration *** No longer offered, but past students may use it for this concentration",
          "pdfs_allowed": 0,
          "satisfied": false,
          "count": 0,
          "min_needed": 1,
          "max_counted": 1,
          "settled": [],
          "unsettled": []
        },
        {
          "name": "Quantum Information and Applied Physics",
          "path_to": "Major//2018//ELE//Breadth//Quantum Information and Applied Physics",
          "explanation": "Quantum Information and Applied Physics: ELE342** Principles of Quantum Engineering (S) Two courses from:  ELE396 Introduction to Quantum Computing (F)  ELE441 Solid-State Physics I (F)  ELE453 Optical Electronics (F)  ELE456 Quantum Optics (S)  ELE568 Implementations of Quantum Information (F) ** PHY208 and 305 can be taken in lieu of ELE342, but are counted as one course for the concentration requirement",
          "pdfs_allowed": 0,
          "satisfied": false,
          "count": 0,
          "min_needed": 1,
          "max_counted": 1,
          "settled": [],
          "unsettled": []
        },
        {
          "name": "Optics and Photonics",
          "path_to": "Major//2018//ELE//Breadth//Optics and Photonics",
          "explanation": "Optics and Photonics  Required: ELE 351 Electromagnetic Field Theory and Optics (S)Two courses from: ELE 342 Principles of Quantum Engineering (S) ELE 452 Biomedical Imaging (F) ELE 453 Optical Electronics (F) ELE 454 Photonics and Light Wave Communications (S)  ELE455* Mid--IR Tech. for Health & Environment  ELE 456 Quantum Optics (S)  MAE521 Optics and Lasers (F) *ELE455 no longer offered. Past students may use it for thisconcentration",
          "pdfs_allowed": 0,
          "satisfied": false,
          "count": 0,
          "min_needed": 1,
          "max_counted": 1,
          "settled": [],
          "unsettled": []
        },
        {
          "name": "Energy and the Environment",
          "path_to": "Major//2018//ELE//Breadth//Energy and the Environment",
          "explanation": "Energy and the Environment: Three courses from: ELE 341 Solid State Devices (F) ELE 431 Solar Energy Conversion (F) ELE455* Mid--IR Tech. for Health & Environment ELE481 Power Electronics (S) ELE 557 Solar Cells: Physics, Materials, and Technology (F) MAE 424 Energy Storage Systems (S) *ELE455 no longer offered. Past students may use it for thisconcentration",
          "pdfs_allowed": 0,
          "satisfied": false,
          "count": 0,
          "min_needed": 1,
          "max_counted": 1,
          "settled": [],
          "unsettled": []
        }
      ]
    },
    {
      "name": "Engineering Science",
      "path_to": "Major//2018//ELE//Engineering Science",
      "explanation": "An engineering course with a significant scientific component must be taken outside of ELE to satisfy this\nrequirement. Many courses can be used to satisfy this requirement; note, however, that a course comprised\nlargely of mathematics or applied mathematics does not satisfy the requirement. The course used to satisfy\nthe Engineering Science requirement cannot also be used to satisfy the concentration requirement or the\nbreadth requirement, nor can it be counted as a Departmental requirement. The following is a non-exhaustive\nlist of possibilities: COS 217, 226, 320, 402, 423, 425, 444, 451, 487; MAE 206, 221, 222, 324, 328, 344,\n345, 433, 434; CEE 205, 303, 305, 471; MSE 301, 302; CBE 245, 246, 341, 415, 445, 447; ORF 307, 311,\n405, 406, 417",
      "pdfs_allowed": 0,
      "satisfied": true,
      "count": 1,
      "min_needed": 1,
      "max_counted": 1,
      "settled": [
        "COS 423"
      ],
      "unsettled": []
    },
    {
      "name": "Departmentals",
      "path_to": "Major//2018//ELE//Departmentals",
      "explanation": "ELE students must take at least two upperclass technical courses in each of the last four semesters. These\n300-level-or-higher courses are called Departmental courses. Of the eight Departmental courses, at least five\nmust be ELE courses. The remaining three courses can be taken in CEE, CHM, CBE, COS, EEB, ELE,\nMAE, MAT, MOL, MSE, ORF or PHY. Courses outside electrical engineering counted towards this\nrequirement must be closely related to the student\u2019s academic program.",
      "pdfs_allowed": 0,
      "satisfied": true,
      "count": 8,
      "min_needed": 8,
      "max_counted": 1,
      "req_list": [
        {
          "name": "At least 5 ELE",
          "path_to": "Major//2018//ELE//Departmentals//At least 5 ELE",
          "explanation": "At least 5 departmentals must be ELE courses.",
          "pdfs_allowed": 0,
          "satisfied": true,
          "count": 5,
          "min_needed": 0,
          "max_counted": null,
          "settled": [
            "ELE 497",
            "ELE 301",
            "ELE 302",
            "ELE 498",
            "ELE 470"
          ],
          "unsettled": []
        },
        {
          "name": "At most 3 from other departments",
          "path_to": "Major//2018//ELE//Departmentals//At most 3 from other departments",
          "explanation": "At most 3 departmentals may be from other departments, but these departments must be closely related to the student's program.",
          "pdfs_allowed": 0,
          "satisfied": true,
          "count": 4,
          "min_needed": 0,
          "max_counted": 3,
          "settled": [
            "COS340",
            "COS 333",
            "ELE 206/COS 306",
            "COS 423"
          ],
          "unsettled": []
        }
      ]
    },
    {
      "name": "Design",
      "path_to": "Major//2018//ELE//Design",
      "explanation": "In the junior year, ELE 302 takes each student through all phases of a design project, emphasizing hands-on\nexperience while providing classroom guidance. In addition, at least one upperclass ELE course with\nsubstantial engineering design content must be selected from the following: ELE 352, 375, 404, 454, 462,\n465, 475, 482, COS 426, 436. This requirement may also be satisfied with junior or senior independent work,\nif that work contains a substantial design component.",
      "pdfs_allowed": 0,
      "completed_by_semester": 6,
      "satisfied": false,
      "count": 0,
      "min_needed": 1,
      "max_counted": 1,
      "settled": [],
      "unsettled": []
    },
    {
      "name": "Concentration",
      "path_to": "Major//2018//ELE//Concentration",
      "explanation": "Each student must develop depth in a coherent area of concentration in the department by completing three\ncourses in one concentration area. The ten possible concentrations span the core disciplines within ELE as\nwell as important applications areas. While many concentrations are interdisciplinary, two of the three\ncourses must be listed in ELE (crosslisted is OK). ORF 309/MAT 309 may be used to satisfy either the\nupperclass mathematics requirement or the concentration requirement, but not both.\n6\nGraduate courses (500 level) are open to undergraduates after the completion of a permission form\ncontaining the signatures of instructor and departmental representative. The permission form is available\nfrom the undergraduate coordinator or you can download at http://registrar.princeton.edu/student-services/.\nGraduate courses can be included in a concentration with departmental representative permission.",
      "pdfs_allowed": 0,
      "satisfied": false,
      "count": 0,
      "min_needed": 1,
      "max_counted": 1,
      "req_list": [
        {
          "name": "Circuits and Systems",
          "path_to": "Major//2018//ELE//Concentration//Circuits and Systems",
          "explanation": "Required:\nELE304 Electronic Circuits: Devices to ICs (S)\nTwo courses from:\n ELE341 Solid State Devices (F)\n COS/ELE375 Computer Architecture and Organization (S)\n ELE382 Statistical Signal Processing (F)\n ELE461* Design with Nanotechnologies\n ELE462 Design of VLSI (F)\n ELE464 Embedded Computing (S)\n ELE475 Computer Architecture (S)\n ELE481 Power Electronics (S)\n ELE482 Digital Signal Processing (S)\n * ELE461 no longer offered, but past students may use it for this\nconcentration",
          "pdfs_allowed": 0,
          "satisfied": false,
          "count": 0,
          "min_needed": 2,
          "max_counted": 1,
          "req_list": [
            {
              "name": "Required",
              "path_to": "Major//2018//ELE//Concentration//Circuits and Systems//Required",
              "explanation": "One required course.",
              "pdfs_allowed": 0,
              "satisfied": false,
              "count": 0,
              "min_needed": 1,
              "max_counted": 1,
              "settled": [],
              "unsettled": []
            },
            {
              "name": "Two courses from",
              "path_to": "Major//2018//ELE//Concentration//Circuits and Systems//Two courses from",
              "explanation": "Two courses from this list.",
              "pdfs_allowed": 0,
              "satisfied": false,
              "count": 0,
              "min_needed": 2,
              "max_counted": 1,
              "settled": [],
              "unsettled": []
            }
          ]
        },
        {
          "name": "Data and Information",
          "path_to": "Major//2018//ELE//Concentration//Data and Information",
          "explanation": "Required:\nORF309* Probability and Stochastic Systems (F & S)\nTwo courses from:\n ELE364** Machine Learning for Predictive Data Analysis (F)\n ELE381 Networks: Friends, Money and Bytes (F)\n ELE382 Statistical Signal Processing (F)\n ELE477** Kernel Methods in Machine Learning (F)\n ELE482 Digital Signal Processing (S)\n ELE486 Transmission and Compression of Information (S)\n ELE488***Image Processing\n ELE435** Machine Learning and Pattern Recognition (F)\n COS324**Introduction to Machine Learning (F)\n COS402 **Artificial Intelligence\n COS424** Fundamentals of Machine Learning (S)\n COS429 Computer Vision (F)\n *To concentrate in Data and Information, a student must take\nORF309. It can be used to fulfill the concentration or upper level\nmath requirement, but not both\n**Only one Machine Learning course may be applied to this\nconcentration\n***ELE488 no longer offered, but past students may use it for this\nconcentration",
          "pdfs_allowed": 0,
          "satisfied": false,
          "count": 0,
          "min_needed": 2,
          "max_counted": 1,
          "req_list": [
            {
              "name": "Required",
              "path_to": "Major//2018//ELE//Concentration//Data and Information//Required",
              "explanation": "One required course.",
              "pdfs_allowed": 0,
              "satisfied": false,
              "count": 0,
              "min_needed": 1,
              "max_counted": 1,
              "settled": [],
              "unsettled": []
            },
            {
              "name": "Two courses from",
              "path_to": "Major//2018//ELE//Concentration//Data and Information//Two courses from",
              "explanation": "Two courses from this list.",
              "pdfs_allowed": 0,
              "satisfied": false,
              "count": 0,
              "min_needed": 2,
              "max_counted": 1,
              "settled": [],
              "unsettled": []
            }
          ]
        },
        {
          "name": "Computer Systems",
          "path_to": "Major//2018//ELE//Concentration//Computer Systems",
          "explanation": "Required: COS/ELE375 Computer Architecture and Organization (S) Two courses from: ELE461* Design with Nanotechnologies ELE462 Design of VLSI (F) ELE464 Embedded Computing (S) ELE470 Smartphone Security and Architecture (F) ELE475 Computer Architecture (S) COS318 Operating Systems (F) COS320 Compiling Techniques (S) COS461 Computer Networks (S) * No longer offered, but past students may use it for this concentration",
          "pdfs_allowed": 0,
          "satisfied": false,
          "count": 0,
          "min_needed": 2,
          "max_counted": 1,
          "req_list": [
            {
              "name": "Required",
              "path_to": "Major//2018//ELE//Concentration//Computer Systems//Required",
              "explanation": "One required course.",
              "pdfs_allowed": 0,
              "satisfied": false,
              "count": 0,
              "min_needed": 1,
              "max_counted": 1,
              "settled": [],
              "unsettled": []
            },
            {
              "name": "Two courses from",
              "path_to": "Major//2018//ELE//Concentration//Computer Systems//Two courses from",
              "explanation": "Two courses from this list.",
              "pdfs_allowed": 0,
              "satisfied": false,
              "count": 0,
              "min_needed": 2,
              "max_counted": 1,
              "settled": [],
              "unsettled": [
                "ELE 470"
              ]
            }
          ]
        },
        {
          "name": "Security and Privacy",
          "path_to": "Major//2018//ELE//Concentration//Security and Privacy",
          "explanation": "Required: COS/ELE432 Information Security (F & S) Two courses from: COS/ELE375 Computer Architecture and Organization (S) ELE364** Machine Learning for Predictive Data Analysis (F) ELE435** Machine Learning and Pattern Recognition (F) ELE464 Embedded Computing (S) ELE470 Smartphone Security and Architecture (F) COS324**Introduction to Machine Learning (F) COS402**Artificial Intelligence COS424** Fundamentals of Machine Learning (S) COS433 Cryptography (S) COS461 Computer Networks (S) ** Only one Machine Learning course may be applied towards thisconcentraiton",
          "pdfs_allowed": 0,
          "satisfied": false,
          "count": 0,
          "min_needed": 2,
          "max_counted": 1,
          "req_list": [
            {
              "name": "Required",
              "path_to": "Major//2018//ELE//Concentration//Security and Privacy//Required",
              "explanation": "One required course.",
              "pdfs_allowed": 0,
              "satisfied": false,
              "count": 0,
              "min_needed": 1,
              "max_counted": 1,
              "settled": [],
              "unsettled": []
            },
            {
              "name": "Two courses from",
              "path_to": "Major//2018//ELE//Concentration//Security and Privacy//Two courses from",
              "explanation": "Two courses from this list.",
              "pdfs_allowed": 0,
              "satisfied": false,
              "count": 0,
              "min_needed": 2,
              "max_counted": 1,
              "settled": [],
              "unsettled": [
                "ELE 470"
              ]
            }
          ]
        },
        {
          "name": "Electronic Devices and Materials",
          "path_to": "Major//2018//ELE//Concentration//Electronic Devices and Materials",
          "explanation": "Required: ELE341 Solid State Devices (F) Two courses from: ELE304* Electronic Circuits: Devices to ICs (S) ELE342 Principles of Quantum Engineering (S) ELE431 Solar Energy Conversion (F) ELE441 Solid-State Physics I (F) ELE481* Power Electronics (S) MAE324 Structure and Properties of Materials (F) MAE424 Energy Storage Systems (S) MSE301 Materials Science and Engineering (S) MSE302 Laboratory Techniques in Materials Science (F) MSE505 Characterization of Materials (S) * Only one circuits (304 or 481) course may be applied towards this concentration",
          "pdfs_allowed": 0,
          "satisfied": false,
          "count": 0,
          "min_needed": 2,
          "max_counted": 1,
          "req_list": [
            {
              "name": "Required",
              "path_to": "Major//2018//ELE//Concentration//Electronic Devices and Materials//Required",
              "explanation": "One required course.",
              "pdfs_allowed": 0,
              "completed_by_semester": 8,
              "satisfied": false,
              "count": 0,
              "min_needed": 1,
              "max_counted": 1,
              "settled": [],
              "unsettled": []
            },
            {
              "name": "Two courses from",
              "path_to": "Major//2018//ELE//Concentration//Electronic Devices and Materials//Two courses from",
              "explanation": "Two courses from this list.",
              "pdfs_allowed": 0,
              "satisfied": false,
              "count": 0,
              "min_needed": 2,
              "max_counted": 1,
              "settled": [],
              "unsettled": []
            }
          ]
        },
        {
          "name": "Biomedical Engineering",
          "path_to": "Major//2018//ELE//Concentration//Biomedical Engineering",
          "explanation": "Biomedical Engineering\nThree courses from:\n ELE304 Electronic Circuits: Devices to ICs (S)\n ELE452 Biomedical Imaging (F)\n ELE455* Mid--IR Tech. for Health & Environment\n ELE480 fMRI Decoding: Reading Minds (F)\n ELE488* Image Processing\n COS429 Computer Vision (F)\n COS455 Genomics & Computational Molecular Biology (F)\n MAE344 Biomechanics and Biomaterials (S)\n NEU427 Systems Neuroscience (S)\n NEU437 Computational Neuroscience (S)\n *ELE455 and 488 no longer offered. Past students may use it for this\nconcentration",
          "pdfs_allowed": 0,
          "satisfied": false,
          "count": 0,
          "min_needed": 3,
          "max_counted": 1,
          "settled": [],
          "unsettled": []
        },
        {
          "name": "Robotics and Cyber-physical Systems",
          "path_to": "Major//2018//ELE//Concentration//Robotics and Cyber-physical Systems",
          "explanation": "Robotics and Cyber-physical Systems Three courses from: ELE304 Electronic Circuits: Devices to ICs (S) COS/ELE375 Computer Architecture and Organization (S) ELE364** Machine Learning for Predictive Data Analysis (F) ELE435** Machine Learning and Pattern Recognition (F) ELE464 Embedded Computing (S) ELE488*** Image Processing COS324**Introduction to Machine Learning (F) COS402** Artificial Intelligence  COS429 Computer Vision (F)  MAE345 Robotics and Intelligent Systems (F)  MAE433 Automatic Control Systems (F) ** Only one Machine Learning course may be used for this concentration *** No longer offered, but past students may use it for this concentration",
          "pdfs_allowed": 0,
          "satisfied": false,
          "count": 0,
          "min_needed": 3,
          "max_counted": 1,
          "settled": [],
          "unsettled": []
        },
        {
          "name": "Quantum Information and Applied Physics",
          "path_to": "Major//2018//ELE//Concentration//Quantum Information and Applied Physics",
          "explanation": "Quantum Information and Applied Physics: ELE342** Principles of Quantum Engineering (S) Two courses from:  ELE396 Introduction to Quantum Computing (F)  ELE441 Solid-State Physics I (F)  ELE453 Optical Electronics (F)  ELE456 Quantum Optics (S)  ELE568 Implementations of Quantum Information (F) ** PHY208 and 305 can be taken in lieu of ELE342, but are counted as one course for the concentration requirement",
          "pdfs_allowed": 0,
          "satisfied": false,
          "count": 0,
          "min_needed": 2,
          "max_counted": 1,
          "req_list": [
            {
              "name": "Required",
              "path_to": "Major//2018//ELE//Concentration//Quantum Information and Applied Physics//Required",
              "explanation": "One required course.",
              "pdfs_allowed": 0,
              "satisfied": false,
              "count": 0,
              "min_needed": 1,
              "max_counted": 1,
              "settled": [],
              "unsettled": []
            },
            {
              "name": "Two courses from",
              "path_to": "Major//2018//ELE//Concentration//Quantum Information and Applied Physics//Two courses from",
              "explanation": "Two courses from this list.",
              "pdfs_allowed": 0,
              "satisfied": false,
              "count": 0,
              "min_needed": 2,
              "max_counted": 1,
              "settled": [],
              "unsettled": []
            }
          ]
        },
        {
          "name": "Optics and Photonics",
          "path_to": "Major//2018//ELE//Concentration//Optics and Photonics",
          "explanation": "Optics and Photonics  Required: ELE 351 Electromagnetic Field Theory and Optics (S)Two courses from: ELE 342 Principles of Quantum Engineering (S) ELE 452 Biomedical Imaging (F) ELE 453 Optical Electronics (F) ELE 454 Photonics and Light Wave Communications (S)  ELE455* Mid--IR Tech. for Health & Environment  ELE 456 Quantum Optics (S)  MAE521 Optics and Lasers (F) *ELE455 no longer offered. Past students may use it for thisconcentration",
          "pdfs_allowed": 0,
          "satisfied": false,
          "count": 0,
          "min_needed": 2,
          "max_counted": 1,
          "req_list": [
            {
              "name": "Required",
              "path_to": "Major//2018//ELE//Concentration//Optics and Photonics//Required",
              "explanation": "One required course.",
              "pdfs_allowed": 0,
              "satisfied": false,
              "count": 0,
              "min_needed": 1,
              "max_counted": 1,
              "settled": [],
              "unsettled": []
            },
            {
              "name": "Two courses from",
              "path_to": "Major//2018//ELE//Concentration//Optics and Photonics//Two courses from",
              "explanation": "Two courses from this list.",
              "pdfs_allowed": 0,
              "satisfied": false,
              "count": 0,
              "min_needed": 2,
              "max_counted": 1,
              "settled": [],
              "unsettled": []
            }
          ]
        },
        {
          "name": "Energy and the Environment",
          "path_to": "Major//2018//ELE//Concentration//Energy and the Environment",
          "explanation": "Energy and the Environment: Three courses from: ELE 341 Solid State Devices (F) ELE 431 Solar Energy Conversion (F) ELE455* Mid--IR Tech. for Health & Environment ELE481 Power Electronics (S) ELE 557 Solar Cells: Physics, Materials, and Technology (F) MAE 424 Energy Storage Systems (S) *ELE455 no longer offered. Past students may use it for thisconcentration",
          "pdfs_allowed": 0,
          "satisfied": false,
          "count": 0,
          "min_needed": 3,
          "max_counted": 1,
          "settled": [],
          "unsettled": []
        }
      ]
    },
    {
      "name": "Senior Thesis",
      "path_to": "Major//2018//ELE//Senior Thesis",
      "explanation": "A two-term senior thesis is required. Students must enroll in ELE 497 (Fall) and ELE 498 (Spring). A grade will be given at the end of each term. A senior thesis must include an oral presentation to the faculty at a senior thesis presentation at the end of the spring term.",
      "pdfs_allowed": 0,
      "completed_by_semester": 8,
      "satisfied": true,
      "count": 2,
      "min_needed": 2,
      "max_counted": 1,
      "settled": [
        "ELE 497",
        "ELE 498"
      ],
      "unsettled": []
    }
  ]
}
